IQ-TREE multicore version 2.4.0 for MacOS Intel 64-bit built Feb 12 2025
Developed by Bui Quang Minh, Nguyen Lam Tung, Olga Chernomor, Heiko Schmidt,
Dominik Schrempf, Michael Woodhams, Ly Trong Nhan, Thomas Wong

Host:    Il-Hwans-Mac-Studio.local (SSE4.2, 64 GB RAM)
Command: iqtree2 -s /Volumes/IlHwan5TB/ncbi_datasets/analysis/orthologs/Hsap/Tet_JBP/PEM/PEM.Tet_JBP.seqs.lt.fasta -m TEST -mset LG,WAG,JTT -bb 1000 -nt AUTO -ntmax 8 -pre /Volumes/IlHwan5TB/ncbi_datasets/analysis/orthologs/Hsap/Tet_JBP/PEM/PEM.Tet_JBP.iqtree -nstop 200 -cptime 1800 --quiet
Seed:    299722 (Using SPRNG - Scalable Parallel Random Number Generator)
Time:    Tue Mar 24 16:44:17 2026
Kernel:  SSE2 - auto-detect threads (10 CPU cores detected)

Reading alignment file /Volumes/IlHwan5TB/ncbi_datasets/analysis/orthologs/Hsap/Tet_JBP/PEM/PEM.Tet_JBP.seqs.lt.fasta ... Fasta format detected
Reading fasta file: done in 0.000967979 secs using 94.01% CPU
Alignment most likely contains protein sequences
Alignment has 18 sequences with 990 columns, 973 distinct patterns
908 parsimony-informative, 0 singleton sites, 82 constant sites
                                      Gap/Ambiguity  Composition  p-value
Analyzing sequences: done in 3.31402e-05 secs using 624.6% CPU
   1  Mlei_ML048213a-PA                      75.66%    passed     22.34%
   2  Twil_T_wilhelma_c27731_g1_i3|m.21815   42.63%    passed     47.75%
   3  Twil_T_wilhelma_c27731_g1_i6|m.21824   17.07%    passed     29.37%
   4  Twil_T_wilhelma_c27731_g1_i4|m.21818   17.07%    passed     29.37%
   5  Twil_T_wilhelma_c27731_g1_i1|m.21809   53.43%    passed     33.30%
   6  Aque_XP_019849055.1                    21.72%    failed      0.70%
   7  Emue_Em0019g1209a                      30.00%    passed     59.27%
   8  Hsap_NP_001393294.1                    13.54%    passed     12.76%
   9  Lcom_lcpid41144|                       33.84%    failed      0.15%
  10  Lcom_lcpid55280|                       48.79%    failed      0.02%
  11  Lcom_lcpid73962|                       60.40%    failed      0.43%
  12  Lcom_lcpid54347|                       45.45%    failed      1.06%
  13  Scil_XP_065175429.1                    24.44%    failed      0.00%
  14  Lcom_lcpid12098|                       26.16%    passed     94.53%
  15  Scil_XP_065182918.1                    20.00%    passed      7.78%
  16  Hsap_NP_001120680.1                    13.74%    failed      1.88%
  17  Hsap_NP_001274420.1                    17.58%    passed     14.93%
  18  Tadh_XP_002108965.1                    48.59%    failed      0.19%
WARNING: 3 sequences contain more than 50% gaps/ambiguity
****  TOTAL                                  33.89%  8 sequences failed composition chi2 test (p-value<5%; df=19)
NOTE: Twil_T_wilhelma_c27731_g1_i4|m.21818 is identical to Twil_T_wilhelma_c27731_g1_i6|m.21824 but kept for subsequent analysis


Create initial parsimony tree by phylogenetic likelihood library (PLL)... 0.003 seconds
Measuring multi-threading efficiency up to 8 CPU cores
Increase to 10 rounds for branch lengths
31 trees examined
Threads: 1 / Time: 8.066 sec / Speedup: 1.000 / Efficiency: 100% / LogL: -22789
Threads: 2 / Time: 5.227 sec / Speedup: 1.543 / Efficiency: 77% / LogL: -22789
Threads: 3 / Time: 3.669 sec / Speedup: 2.198 / Efficiency: 73% / LogL: -22789
Threads: 4 / Time: 2.882 sec / Speedup: 2.799 / Efficiency: 70% / LogL: -22789
Threads: 5 / Time: 2.359 sec / Speedup: 3.419 / Efficiency: 68% / LogL: -22789
Threads: 6 / Time: 2.071 sec / Speedup: 3.895 / Efficiency: 65% / LogL: -22789
Threads: 7 / Time: 1.854 sec / Speedup: 4.350 / Efficiency: 62% / LogL: -22789
Threads: 8 / Time: 1.690 sec / Speedup: 4.773 / Efficiency: 60% / LogL: -22789
BEST NUMBER OF THREADS: 8

Perform fast likelihood tree search using LG+I+G model...
Estimate model parameters (epsilon = 5.000)
Perform nearest neighbor interchange...
Estimate model parameters (epsilon = 1.000)
1. Initial log-likelihood: -18827.528
Optimal log-likelihood: -18827.491
Proportion of invariable sites: 0.054
Gamma shape alpha: 2.274
Parameters optimization took 1 rounds (0.018 sec)
Time for fast ML tree search: 0.149 seconds

NOTE: ModelFinder requires 14 MB RAM!
ModelFinder will test up to 24 protein models (sample size: 990 epsilon: 0.100) ...
 No. Model         -LnL         df  AIC          AICc         BIC
  1  LG            19173.749    33  38413.499    38415.846    38575.123
  2  LG+I          18984.772    34  38037.543    38040.036    38204.065
  3  LG+G4         18862.210    34  37792.420    37794.913    37958.942
  4  LG+I+G4       18827.487    35  37724.973    37727.615    37896.393
  8  LG+F+I+G4     18689.810    54  37487.621    37493.973    37752.097
 12  WAG+I+G4      18792.232    35  37654.464    37657.105    37825.883
 16  WAG+F+I+G4    18679.432    54  37466.864    37473.217    37731.340
 20  JTT+I+G4      18869.280    35  37808.560    37811.201    37979.980
 24  JTT+F+I+G4    18776.407    54  37660.815    37667.168    37925.291
Akaike Information Criterion:           WAG+F+I+G4
Corrected Akaike Information Criterion: WAG+F+I+G4
Bayesian Information Criterion:         WAG+F+I+G4
Best-fit model: WAG+F+I+G4 chosen according to BIC

All model information printed to /Volumes/IlHwan5TB/ncbi_datasets/analysis/orthologs/Hsap/Tet_JBP/PEM/PEM.Tet_JBP.iqtree.model.gz
CPU time for ModelFinder: 98.166 seconds (0h:1m:38s)
Wall-clock time for ModelFinder: 28.604 seconds (0h:0m:28s)
Generating 1000 samples for ultrafast bootstrap (seed: 299722)...

NOTE: 14 MB RAM (0 GB) is required!
Estimate model parameters (epsilon = 0.100)
Thoroughly optimizing +I+G parameters from 10 start values...
Init pinv, alpha: 0.000, 2.035 / Estimate: 0.000, 1.620 / LogL: -18711.122
Init pinv, alpha: 0.009, 2.035 / Estimate: 0.050, 2.496 / LogL: -18679.432
Init pinv, alpha: 0.018, 2.035 / Estimate: 0.050, 2.494 / LogL: -18679.433
Init pinv, alpha: 0.028, 2.035 / Estimate: 0.050, 2.485 / LogL: -18679.439
Init pinv, alpha: 0.037, 2.035 / Estimate: 0.050, 2.497 / LogL: -18679.432
Init pinv, alpha: 0.046, 2.035 / Estimate: 0.051, 2.485 / LogL: -18679.439
Init pinv, alpha: 0.055, 2.035 / Estimate: 0.051, 2.497 / LogL: -18679.436
Init pinv, alpha: 0.064, 2.035 / Estimate: 0.051, 2.506 / LogL: -18679.435
Init pinv, alpha: 0.074, 2.035 / Estimate: 0.051, 2.517 / LogL: -18679.429
Init pinv, alpha: 0.083, 2.035 / Estimate: 0.051, 2.523 / LogL: -18679.430
Optimal pinv,alpha: 0.051, 2.517 / LogL: -18679.429

Parameters optimization took 1.215 sec
Wrote distance file to... 
Computing ML distances based on estimated model parameters...
Calculating distance matrix: done in 0.00299788 secs using 783.8% CPU
Computing ML distances took 0.003167 sec (of wall-clock time) 0.024447 sec (of CPU time)
Setting up auxiliary I and S matrices: done in 0.000127077 secs using 418.6% CPU
Computing RapidNJ tree took 0.001998 sec (of wall-clock time) 0.014260 sec (of CPU time)
Log-likelihood of RapidNJ tree: -18712.912
--------------------------------------------------------------------
|             INITIALIZING CANDIDATE TREE SET                      |
--------------------------------------------------------------------
Generating 98 parsimony trees... 0.220 second
Computing log-likelihood of 98 initial trees ... 0.712 seconds
Current best score: -18679.429

Do NNI search on 20 best initial trees
Estimate model parameters (epsilon = 0.100)
BETTER TREE FOUND at iteration 1: -18679.427
Iteration 10 / LogL: -18679.548 / Time: 0h:0m:32s
Iteration 20 / LogL: -18687.128 / Time: 0h:0m:34s
Finish initializing candidate tree set (2)
Current best tree score: -18679.427 / CPU time: 4.248
Number of iterations: 20
--------------------------------------------------------------------
|               OPTIMIZING CANDIDATE TREE SET                      |
--------------------------------------------------------------------
Iteration 30 / LogL: -18682.029 / Time: 0h:0m:35s (0h:0m:43s left)
Iteration 40 / LogL: -18687.555 / Time: 0h:0m:38s (0h:0m:42s left)
Iteration 50 / LogL: -18679.500 / Time: 0h:0m:41s (0h:0m:40s left)
Log-likelihood cutoff on original alignment: -18712.594
Iteration 60 / LogL: -18679.498 / Time: 0h:0m:43s (0h:0m:36s left)
Iteration 70 / LogL: -18679.478 / Time: 0h:0m:45s (0h:0m:31s left)
Iteration 80 / LogL: -18682.027 / Time: 0h:0m:46s (0h:0m:27s left)
Iteration 90 / LogL: -18679.442 / Time: 0h:0m:47s (0h:0m:24s left)
Iteration 100 / LogL: -18679.432 / Time: 0h:0m:49s (0h:0m:21s left)
Log-likelihood cutoff on original alignment: -18712.594
NOTE: Bootstrap correlation coefficient of split occurrence frequencies: 0.998
Iteration 110 / LogL: -18679.477 / Time: 0h:0m:51s (0h:0m:18s left)
Iteration 120 / LogL: -18687.176 / Time: 0h:0m:54s (0h:0m:17s left)
Iteration 130 / LogL: -18679.499 / Time: 0h:0m:56s (0h:0m:15s left)
Iteration 140 / LogL: -18679.435 / Time: 0h:0m:58s (0h:0m:13s left)
Iteration 150 / LogL: -18682.134 / Time: 0h:0m:59s (0h:0m:10s left)
Log-likelihood cutoff on original alignment: -18712.594
Iteration 160 / LogL: -18679.484 / Time: 0h:1m:1s (0h:0m:8s left)
Iteration 170 / LogL: -18679.476 / Time: 0h:1m:3s (0h:0m:6s left)
Iteration 180 / LogL: -18679.476 / Time: 0h:1m:4s (0h:0m:4s left)
Iteration 190 / LogL: -18679.485 / Time: 0h:1m:6s (0h:0m:2s left)
Iteration 200 / LogL: -18679.699 / Time: 0h:1m:8s (0h:0m:0s left)
Log-likelihood cutoff on original alignment: -18712.594
NOTE: Bootstrap correlation coefficient of split occurrence frequencies: 1.000
TREE SEARCH COMPLETED AFTER 202 ITERATIONS / Time: 0h:1m:8s

--------------------------------------------------------------------
|                    FINALIZING TREE SEARCH                        |
--------------------------------------------------------------------
Performs final model parameters optimization
Estimate model parameters (epsilon = 0.010)
1. Initial log-likelihood: -18679.427
Optimal log-likelihood: -18679.427
Proportion of invariable sites: 0.051
Gamma shape alpha: 2.519
Parameters optimization took 1 rounds (0.020 sec)
BEST SCORE FOUND : -18679.427
Creating bootstrap support values...
Split supports printed to NEXUS file /Volumes/IlHwan5TB/ncbi_datasets/analysis/orthologs/Hsap/Tet_JBP/PEM/PEM.Tet_JBP.iqtree.splits.nex
Total tree length: 11.918

Total number of iterations: 202
CPU time used for tree search: 280.217 sec (0h:4m:40s)
Wall-clock time used for tree search: 38.891 sec (0h:0m:38s)
Total CPU time used: 388.595 sec (0h:6m:28s)
Total wall-clock time used: 68.878 sec (0h:1m:8s)

Computing bootstrap consensus tree...
Reading input file /Volumes/IlHwan5TB/ncbi_datasets/analysis/orthologs/Hsap/Tet_JBP/PEM/PEM.Tet_JBP.iqtree.splits.nex...
18 taxa and 74 splits.
Consensus tree written to /Volumes/IlHwan5TB/ncbi_datasets/analysis/orthologs/Hsap/Tet_JBP/PEM/PEM.Tet_JBP.iqtree.contree
Reading input trees file /Volumes/IlHwan5TB/ncbi_datasets/analysis/orthologs/Hsap/Tet_JBP/PEM/PEM.Tet_JBP.iqtree.contree
Log-likelihood of consensus tree: -18679.671

Analysis results written to: 
  IQ-TREE report:                /Volumes/IlHwan5TB/ncbi_datasets/analysis/orthologs/Hsap/Tet_JBP/PEM/PEM.Tet_JBP.iqtree.iqtree
  Maximum-likelihood tree:       /Volumes/IlHwan5TB/ncbi_datasets/analysis/orthologs/Hsap/Tet_JBP/PEM/PEM.Tet_JBP.iqtree.treefile
  Likelihood distances:          /Volumes/IlHwan5TB/ncbi_datasets/analysis/orthologs/Hsap/Tet_JBP/PEM/PEM.Tet_JBP.iqtree.mldist

Ultrafast bootstrap approximation results written to:
  Split support values:          /Volumes/IlHwan5TB/ncbi_datasets/analysis/orthologs/Hsap/Tet_JBP/PEM/PEM.Tet_JBP.iqtree.splits.nex
  Consensus tree:                /Volumes/IlHwan5TB/ncbi_datasets/analysis/orthologs/Hsap/Tet_JBP/PEM/PEM.Tet_JBP.iqtree.contree
  Screen log file:               /Volumes/IlHwan5TB/ncbi_datasets/analysis/orthologs/Hsap/Tet_JBP/PEM/PEM.Tet_JBP.iqtree.log

Date and Time: Tue Mar 24 16:45:26 2026
