IQ-TREE multicore version 2.4.0 for MacOS Intel 64-bit built Feb 12 2025
Developed by Bui Quang Minh, Nguyen Lam Tung, Olga Chernomor, Heiko Schmidt,
Dominik Schrempf, Michael Woodhams, Ly Trong Nhan, Thomas Wong

Host:    Il-Hwans-Mac-Studio.local (SSE4.2, 64 GB RAM)
Command: iqtree2 -s /Volumes/IlHwan5TB/ncbi_datasets/analysis/orthologs/Hsap/Tet_JBP/MET/MET.Tet_JBP.seqs.lt.fasta -m TEST -mset LG,WAG,JTT -bb 1000 -nt AUTO -ntmax 8 -pre /Volumes/IlHwan5TB/ncbi_datasets/analysis/orthologs/Hsap/Tet_JBP/MET/MET.Tet_JBP.iqtree -nstop 200 -cptime 1800 --quiet
Seed:    769785 (Using SPRNG - Scalable Parallel Random Number Generator)
Time:    Tue Mar 24 16:46:13 2026
Kernel:  SSE2 - auto-detect threads (10 CPU cores detected)

Reading alignment file /Volumes/IlHwan5TB/ncbi_datasets/analysis/orthologs/Hsap/Tet_JBP/MET/MET.Tet_JBP.seqs.lt.fasta ... Fasta format detected
Reading fasta file: done in 0.00140905 secs using 93.25% CPU
Alignment most likely contains protein sequences
Alignment has 23 sequences with 1910 columns, 1874 distinct patterns
1819 parsimony-informative, 0 singleton sites, 91 constant sites
                          Gap/Ambiguity  Composition  p-value
Analyzing sequences: done in 6.50883e-05 secs using 553.1% CPU
   1  Hrob_XP_009022495.1        86.60%    failed      0.12%
   2  Ofus_CAH1794056.1          31.26%    failed      0.00%
   3  Apimel_XP_026300195.1      11.52%    failed      0.00%
   4  Agrpla_XP_025834621.1      29.16%    failed      1.56%
   5  Agrpla_XP_025834609.1      78.17%    failed      0.01%
   6  Bmor_XP_021202702.2        19.27%    failed      0.00%
   7  Btab_XP_018895737.1        16.75%    passed     39.96%
   8  Lpol_XP_022241646.1        21.68%    failed      0.00%
   9  Aplcal_XP_005092662.1      17.70%    failed      0.02%
  10  Lana_XP_013410270.1        39.79%    failed      0.01%
  11  Smar_SMAR014123-PA         53.35%    failed      0.02%
  12  Lpol_XP_022240586.1        35.97%    failed      0.00%
  13  Cvir_XP_022313682.1        51.62%    failed      0.00%
  14  Obim_XP_052828821.1        25.03%    failed      0.00%
  15  Rcul_nRc.2.0.1.t28809-RA   62.36%    failed      0.00%
  16  Pvan_XP_069980505.1        22.72%    failed      0.00%
  17  Ofus_CAH1794055.1          86.28%    failed      0.72%
  18  Hsap_NP_001393294.1        28.69%    failed      0.09%
  19  Hsap_NP_001120680.1        28.64%    passed     42.98%
  20  Hsap_NP_001274420.1        35.18%    failed      0.00%
  21  Dmel_NP_001261344.1        16.23%    failed      0.00%
  22  Dpul_XP_046460497.1        42.36%    failed      0.00%
  23  Cscu_XP_023209742.1        39.95%    failed      0.00%
WARNING: 6 sequences contain more than 50% gaps/ambiguity
****  TOTAL                      38.27%  21 sequences failed composition chi2 test (p-value<5%; df=19)


Create initial parsimony tree by phylogenetic likelihood library (PLL)... 0.006 seconds
Measuring multi-threading efficiency up to 8 CPU cores
Increase to 10 rounds for branch lengths
12 trees examined
Threads: 1 / Time: 8.053 sec / Speedup: 1.000 / Efficiency: 100% / LogL: -64218
Threads: 2 / Time: 5.142 sec / Speedup: 1.566 / Efficiency: 78% / LogL: -64218
Threads: 3 / Time: 3.534 sec / Speedup: 2.279 / Efficiency: 76% / LogL: -64218
Threads: 4 / Time: 2.734 sec / Speedup: 2.945 / Efficiency: 74% / LogL: -64218
Threads: 5 / Time: 2.267 sec / Speedup: 3.552 / Efficiency: 71% / LogL: -64218
Threads: 6 / Time: 1.958 sec / Speedup: 4.113 / Efficiency: 69% / LogL: -64218
Threads: 7 / Time: 1.884 sec / Speedup: 4.275 / Efficiency: 61% / LogL: -64218
Threads: 8 / Time: 1.699 sec / Speedup: 4.739 / Efficiency: 59% / LogL: -64218
BEST NUMBER OF THREADS: 8

Perform fast likelihood tree search using LG+I+G model...
Estimate model parameters (epsilon = 5.000)
Perform nearest neighbor interchange...
Estimate model parameters (epsilon = 1.000)
1. Initial log-likelihood: -62294.699
Optimal log-likelihood: -62294.519
Proportion of invariable sites: 0.041
Gamma shape alpha: 1.970
Parameters optimization took 1 rounds (0.049 sec)
Time for fast ML tree search: 0.464 seconds

NOTE: ModelFinder requires 34 MB RAM!
ModelFinder will test up to 24 protein models (sample size: 1910 epsilon: 0.100) ...
 No. Model         -LnL         df  AIC          AICc         BIC
  1  LG            63991.964    43  128069.927   128071.955   128308.786
  2  LG+I          63173.376    44  126434.751   126436.875   126679.165
  3  LG+G4         62483.665    44  125055.331   125057.454   125299.744
  4  LG+I+G4       62294.504    45  124679.007   124681.228   124928.976
  8  LG+F+I+G4     61337.229    64  122802.457   122806.967   123157.968
 12  WAG+I+G4      62217.714    45  124525.429   124527.650   124775.397
 16  WAG+F+I+G4    61352.647    64  122833.294   122837.804   123188.805
 20  JTT+I+G4      62301.549    45  124693.097   124695.318   124943.066
 24  JTT+F+I+G4    61527.475    64  123182.951   123187.460   123538.462
Akaike Information Criterion:           LG+F+I+G4
Corrected Akaike Information Criterion: LG+F+I+G4
Bayesian Information Criterion:         LG+F+I+G4
Best-fit model: LG+F+I+G4 chosen according to BIC

All model information printed to /Volumes/IlHwan5TB/ncbi_datasets/analysis/orthologs/Hsap/Tet_JBP/MET/MET.Tet_JBP.iqtree.model.gz
CPU time for ModelFinder: 106.955 seconds (0h:1m:46s)
Wall-clock time for ModelFinder: 29.579 seconds (0h:0m:29s)
Generating 1000 samples for ultrafast bootstrap (seed: 769785)...

NOTE: 34 MB RAM (0 GB) is required!
Estimate model parameters (epsilon = 0.100)
Thoroughly optimizing +I+G parameters from 10 start values...
Init pinv, alpha: 0.000, 1.806 / Estimate: 0.041, 1.592 / LogL: -61337.234
Init pinv, alpha: 0.005, 1.806 / Estimate: 0.041, 1.598 / LogL: -61337.220
Init pinv, alpha: 0.011, 1.806 / Estimate: 0.041, 1.603 / LogL: -61337.224
Init pinv, alpha: 0.016, 1.806 / Estimate: 0.041, 1.606 / LogL: -61337.230
Init pinv, alpha: 0.021, 1.806 / Estimate: 0.041, 1.608 / LogL: -61337.235
Init pinv, alpha: 0.026, 1.806 / Estimate: 0.041, 1.609 / LogL: -61337.239
Init pinv, alpha: 0.032, 1.806 / Estimate: 0.041, 1.610 / LogL: -61337.243
Init pinv, alpha: 0.037, 1.806 / Estimate: 0.041, 1.611 / LogL: -61337.245
Init pinv, alpha: 0.042, 1.806 / Estimate: 0.041, 1.612 / LogL: -61337.247
Init pinv, alpha: 0.048, 1.806 / Estimate: 0.041, 1.612 / LogL: -61337.249
Optimal pinv,alpha: 0.041, 1.598 / LogL: -61337.220

Parameters optimization took 2.394 sec
Wrote distance file to... 
Computing ML distances based on estimated model parameters...
Calculating distance matrix: done in 0.00602412 secs using 767.5% CPU
Computing ML distances took 0.006161 sec (of wall-clock time) 0.047188 sec (of CPU time)
Setting up auxiliary I and S matrices: done in 0.00136709 secs using 426.7% CPU
Computing RapidNJ tree took 0.004428 sec (of wall-clock time) 0.028300 sec (of CPU time)
Log-likelihood of RapidNJ tree: -61396.783
--------------------------------------------------------------------
|             INITIALIZING CANDIDATE TREE SET                      |
--------------------------------------------------------------------
Generating 98 parsimony trees... 0.778 second
Computing log-likelihood of 98 initial trees ... 1.593 seconds
Current best score: -61337.220

Do NNI search on 20 best initial trees
Estimate model parameters (epsilon = 0.100)
BETTER TREE FOUND at iteration 1: -61333.529
Estimate model parameters (epsilon = 0.100)
BETTER TREE FOUND at iteration 3: -61332.126
Estimate model parameters (epsilon = 0.100)
BETTER TREE FOUND at iteration 4: -61326.901
Iteration 10 / LogL: -61335.413 / Time: 0h:0m:37s
Estimate model parameters (epsilon = 0.100)
BETTER TREE FOUND at iteration 20: -61323.834
Iteration 20 / LogL: -61323.834 / Time: 0h:0m:41s
Finish initializing candidate tree set (13)
Current best tree score: -61323.834 / CPU time: 8.846
Number of iterations: 20
--------------------------------------------------------------------
|               OPTIMIZING CANDIDATE TREE SET                      |
--------------------------------------------------------------------
Iteration 30 / LogL: -61324.751 / Time: 0h:0m:43s (0h:1m:32s left)
Iteration 40 / LogL: -61326.818 / Time: 0h:0m:46s (0h:1m:19s left)
Iteration 50 / LogL: -61323.877 / Time: 0h:0m:49s (0h:1m:9s left)
Log-likelihood cutoff on original alignment: -61365.888
Iteration 60 / LogL: -61323.894 / Time: 0h:0m:52s (0h:1m:2s left)
Iteration 70 / LogL: -61324.310 / Time: 0h:0m:55s (0h:0m:55s left)
Iteration 80 / LogL: -61324.424 / Time: 0h:0m:58s (0h:0m:50s left)
Iteration 90 / LogL: -61324.233 / Time: 0h:1m:0s (0h:0m:45s left)
Iteration 100 / LogL: -61323.886 / Time: 0h:1m:3s (0h:0m:41s left)
Log-likelihood cutoff on original alignment: -61365.888
NOTE: Bootstrap correlation coefficient of split occurrence frequencies: 0.999
Iteration 110 / LogL: -61323.913 / Time: 0h:1m:6s (0h:0m:36s left)
Iteration 120 / LogL: -61324.374 / Time: 0h:1m:8s (0h:0m:32s left)
Iteration 130 / LogL: -61323.870 / Time: 0h:1m:11s (0h:0m:29s left)
Iteration 140 / LogL: -61324.435 / Time: 0h:1m:14s (0h:0m:25s left)
Iteration 150 / LogL: -61347.304 / Time: 0h:1m:16s (0h:0m:22s left)
Log-likelihood cutoff on original alignment: -61365.888
Iteration 160 / LogL: -61325.447 / Time: 0h:1m:19s (0h:0m:18s left)
Iteration 170 / LogL: -61324.019 / Time: 0h:1m:22s (0h:0m:15s left)
Iteration 180 / LogL: -61324.489 / Time: 0h:1m:25s (0h:0m:12s left)
Iteration 190 / LogL: -61324.409 / Time: 0h:1m:28s (0h:0m:9s left)
Iteration 200 / LogL: -61324.857 / Time: 0h:1m:31s (0h:0m:6s left)
Log-likelihood cutoff on original alignment: -61365.888
NOTE: Bootstrap correlation coefficient of split occurrence frequencies: 0.999
Iteration 210 / LogL: -61324.014 / Time: 0h:1m:33s (0h:0m:27s left)
Iteration 220 / LogL: -61324.341 / Time: 0h:1m:37s (0h:0m:24s left)
TREE SEARCH COMPLETED AFTER 221 ITERATIONS / Time: 0h:1m:37s

--------------------------------------------------------------------
|                    FINALIZING TREE SEARCH                        |
--------------------------------------------------------------------
Performs final model parameters optimization
Estimate model parameters (epsilon = 0.010)
1. Initial log-likelihood: -61323.834
Optimal log-likelihood: -61323.833
Proportion of invariable sites: 0.041
Gamma shape alpha: 1.573
Parameters optimization took 1 rounds (0.049 sec)
BEST SCORE FOUND : -61323.833
Creating bootstrap support values...
Split supports printed to NEXUS file /Volumes/IlHwan5TB/ncbi_datasets/analysis/orthologs/Hsap/Tet_JBP/MET/MET.Tet_JBP.iqtree.splits.nex
Total tree length: 36.225

Total number of iterations: 221
CPU time used for tree search: 504.202 sec (0h:8m:24s)
Wall-clock time used for tree search: 65.353 sec (0h:1m:5s)
Total CPU time used: 632.696 sec (0h:10m:32s)
Total wall-clock time used: 97.689 sec (0h:1m:37s)

Computing bootstrap consensus tree...
Reading input file /Volumes/IlHwan5TB/ncbi_datasets/analysis/orthologs/Hsap/Tet_JBP/MET/MET.Tet_JBP.iqtree.splits.nex...
23 taxa and 175 splits.
Consensus tree written to /Volumes/IlHwan5TB/ncbi_datasets/analysis/orthologs/Hsap/Tet_JBP/MET/MET.Tet_JBP.iqtree.contree
Reading input trees file /Volumes/IlHwan5TB/ncbi_datasets/analysis/orthologs/Hsap/Tet_JBP/MET/MET.Tet_JBP.iqtree.contree
Log-likelihood of consensus tree: -61327.302

Analysis results written to: 
  IQ-TREE report:                /Volumes/IlHwan5TB/ncbi_datasets/analysis/orthologs/Hsap/Tet_JBP/MET/MET.Tet_JBP.iqtree.iqtree
  Maximum-likelihood tree:       /Volumes/IlHwan5TB/ncbi_datasets/analysis/orthologs/Hsap/Tet_JBP/MET/MET.Tet_JBP.iqtree.treefile
  Likelihood distances:          /Volumes/IlHwan5TB/ncbi_datasets/analysis/orthologs/Hsap/Tet_JBP/MET/MET.Tet_JBP.iqtree.mldist

Ultrafast bootstrap approximation results written to:
  Split support values:          /Volumes/IlHwan5TB/ncbi_datasets/analysis/orthologs/Hsap/Tet_JBP/MET/MET.Tet_JBP.iqtree.splits.nex
  Consensus tree:                /Volumes/IlHwan5TB/ncbi_datasets/analysis/orthologs/Hsap/Tet_JBP/MET/MET.Tet_JBP.iqtree.contree
  Screen log file:               /Volumes/IlHwan5TB/ncbi_datasets/analysis/orthologs/Hsap/Tet_JBP/MET/MET.Tet_JBP.iqtree.log

Date and Time: Tue Mar 24 16:47:51 2026
